// Jest Snapshot v1, https://goo.gl/fbAQLP

exports[`The DocumentsPage Component The Snapshot should render as expected 1`] = `
<div
  className="pageWrapper"
>
  <h1>
    Documents
  </h1>
  <h2>
    HOA Meeting Notes
  </h2>
  <ul>
    <li>
      <a
        download={true}
        href="/meetingMinutes/SFHOA_Minutes_2022-05-26.docx"
        rel="nofollow noreferrer noopener"
        target="_blank"
      >
        SFHOA_Minutes_2022-05-26.docx
         (
        8kb
        )
      </a>
    </li>
    <li>
      <a
        download={true}
        href="/meetingMinutes/SFHOA_Minutes_2022-04-28.docx"
        rel="nofollow noreferrer noopener"
        target="_blank"
      >
        SFHOA_Minutes_2022-04-28.docx
         (
        10kb
        )
      </a>
    </li>
  </ul>
  <h2>
    Community Documents
  </h2>
  <ul>
    <li>
      Covenants & Restrictions
    </li>
    <li>
      Proxy Form
    </li>
    <li>
      Contact List (log in)
    </li>
  </ul>
</div>
`;
